Archive member included to satisfy reference by file (symbol)

../build/sim/software/libbase/libbase.a(uart.o)
                              main.o (uart_read)
../build/sim/software/libbase/libbase.a(isr.o)
                              crt0.o (isr)
../build/sim/software/libc/libc.a(memcpy-asm.S.o)
                              main.o (memcpy)
../build/sim/software/libc/libc.a(memmove.S.o)
                              wolfcrypt/src/sp_int.o (memmove)
../build/sim/software/libc/libc.a(memset.S.o)
                              wolfcrypt/src/random.o (memset)
../build/sim/software/libc/libc.a(strlen.c.o)
                              main.o (strlen)
../build/sim/software/libc/libc.a(nano-malloc-free.c.o)
                              wolfcrypt/src/memory.o (free)
../build/sim/software/libc/libc.a(nano-malloc-malloc.c.o)
                              wolfcrypt/src/memory.o (malloc)
../build/sim/software/libc/libc.a(nano-malloc-realloc.c.o)
                              wolfcrypt/src/memory.o (realloc)
../build/sim/software/libc/libc.a(libc_errno_errno.c.o)
                              ../build/sim/software/libc/libc.a(nano-malloc-free.c.o) (errno)
../build/sim/software/libc/libc.a(libc_misc_lock.c.o)
                              ../build/sim/software/libc/libc.a(nano-malloc-free.c.o) (__retarget_lock_acquire_recursive)
../build/sim/software/libc/libc.a(libc_string_memcmp.c.o)
                              main.o (memcmp)
../build/sim/software/libc/libc.a(libc_picolib_picosbrk.c.o)
                              ../build/sim/software/libc/libc.a(nano-malloc-malloc.c.o) (sbrk)
../build/sim/software/libc/libc.a(libc_tinystdio_printf.c.o)
                              main.o (printf)
../build/sim/software/libc/libc.a(libc_tinystdio_vfiprintf.c.o)
                              ../build/sim/software/libc/libc.a(libc_tinystdio_printf.c.o) (vfprintf)
../build/sim/software/libc/libc.a(_libc.a)
                              ../build/sim/software/libc/libc.a(libc_tinystdio_printf.c.o) (stdout)
../build/sim/software/libc/libc.a(libc_string_strnlen.c.o)
                              ../build/sim/software/libc/libc.a(libc_tinystdio_vfiprintf.c.o) (strnlen)
../build/sim/software/libcompiler_rt/libcompiler_rt.a(ctzsi2.o)
                              ../build/sim/software/libbase/libbase.a(isr.o) (__ctzsi2)
../build/sim/software/libcompiler_rt/libcompiler_rt.a(udivdi3.o)
                              wolfcrypt/src/sp_int.o (__udivdi3)
../build/sim/software/libcompiler_rt/libcompiler_rt.a(umoddi3.o)
                              ../build/sim/software/libc/libc.a(libc_tinystdio_vfiprintf.c.o) (__umoddi3)
../build/sim/software/libcompiler_rt/libcompiler_rt.a(udivmoddi4.o)
                              ../build/sim/software/libcompiler_rt/libcompiler_rt.a(udivdi3.o) (__udivmoddi4)
../build/sim/software/libcompiler_rt/libcompiler_rt.a(clzsi2.o)
                              ../build/sim/software/libcompiler_rt/libcompiler_rt.a(udivmoddi4.o) (__clzsi2)

Discarded input sections

 .data          0x00000000        0x0 crt0.o
 .bss           0x00000000        0x0 crt0.o
 .group         0x00000000        0xc main.o
 .group         0x00000000        0xc main.o
 .group         0x00000000        0xc main.o
 .group         0x00000000        0xc main.o
 .group         0x00000000        0xc main.o
 .group         0x00000000        0xc main.o
 .group         0x00000000        0xc main.o
 .group         0x00000000        0xc main.o
 .group         0x00000000        0xc main.o
 .group         0x00000000        0xc main.o
 .group         0x00000000        0xc main.o
 .group         0x00000000        0xc main.o
 .group         0x00000000        0xc main.o
 .group         0x00000000        0xc main.o
 .group         0x00000000        0xc main.o
 .group         0x00000000        0xc main.o
 .group         0x00000000        0xc main.o
 .group         0x00000000        0xc main.o
 .group         0x00000000        0xc main.o
 .group         0x00000000        0xc main.o
 .group         0x00000000        0xc main.o
 .group         0x00000000        0xc main.o
 .group         0x00000000        0xc main.o
 .group         0x00000000        0xc main.o
 .group         0x00000000        0xc main.o
 .group         0x00000000        0xc main.o
 .group         0x00000000        0xc main.o
 .group         0x00000000        0xc main.o
 .group         0x00000000        0xc main.o
 .group         0x00000000        0xc main.o
 .group         0x00000000        0xc main.o
 .group         0x00000000        0xc main.o
 .group         0x00000000        0xc main.o
 .group         0x00000000        0xc main.o
 .group         0x00000000        0xc main.o
 .group         0x00000000        0xc main.o
 .group         0x00000000        0xc main.o
 .group         0x00000000        0xc main.o
 .group         0x00000000        0xc main.o
 .group         0x00000000        0xc main.o
 .group         0x00000000        0xc main.o
 .group         0x00000000        0xc main.o
[...]
Memory Configuration

Name             Origin             Length             Attributes
rom              0x00000000         0x00020000
sram             0x10000000         0x00002000
main_ram         0x40000000         0x06400000
csr              0xf0000000         0x00010000
*default*        0x00000000         0xffffffff

Linker script and memory map

LOAD crt0.o
LOAD main.o
LOAD wolfcrypt/src/wc_port.o
LOAD wolfcrypt/src/memory.o
LOAD wolfcrypt/src/error.o
LOAD wolfcrypt/src/hash.o
LOAD wolfcrypt/src/random.o
LOAD wolfcrypt/src/wolfmath.o
LOAD wolfcrypt/src/sha256.o
LOAD wolfcrypt/src/sha3.o
LOAD wolfcrypt/src/aes.o
LOAD wolfcrypt/src/wc_mlkem.o
LOAD wolfcrypt/src/wc_mlkem_poly.o
LOAD wolfcrypt/src/sp_int.o
LOAD ../build/sim/software/libbase/libbase.a
LOAD ../build/sim/software/libc/libc.a
LOAD ../build/sim/software/libcompiler_rt/libcompiler_rt.a
                0x00000000                        __DYNAMIC = 0x0
                0x00010000                        _stack_size = DEFINED (_stack_size)?_stack_size:0x10000
                0x00020000                        _heap_size = DEFINED (_heap_size)?_heap_size:0x20000

.text           0x40000000     0xd968
                0x40000000                        _ftext = .
 *crt0*(.text)
 .text          0x40000000      0x128 crt0.o
                0x40000000                _start
                0x40000020                trap_entry
 *crt0*(.text)
 *(.text.isr)
 *(.text .stub .text.* .gnu.linkonce.t.*)
 .text          0x40000128      0xcf0 main.o
                0x40000d6c                CustomRngGenerateBlock
                0x40000dc0                gettimeofday
                0x40000df0                XTIME
 .text.startup  0x40000e18      0x228 main.o
                0x40000e18                main
 .text          0x40001040       0xfc wolfcrypt/src/memory.o
                0x40001040                wolfSSL_SetAllocators
                0x40001060                wolfSSL_GetAllocators
                0x40001098                wolfSSL_Malloc
                0x400010ac                wolfSSL_Free
                0x400010c0                wolfSSL_Realloc
                0x400010d4                wc_ForceZero
 .text          0x4000113c     0x10a8 wolfcrypt/src/random.o
                0x40001994                wc_RNG_DRBG_Reseed
                0x400019ac                wc_RNG_TestSeed
                0x40001a88                wc_FreeRng
                0x40001aec                wc_rng_free
                0x40001b28                wc_RNG_HealthTest_ex
                0x40001edc                wc_rng_new_ex
                0x40001f58                wc_rng_new
                0x40001f98                wc_InitRng
                0x40001fac                wc_InitRng_ex
                0x40001fc0                wc_InitRngNonce
                0x40001fcc                wc_InitRngNonce_ex
                0x40001fd0                wc_RNG_HealthTest
                0x40002014                wc_RNG_GenerateBlock
                0x400021d0                wc_RNG_GenerateByte
                0x400021d8                wc_GenerateSeed
 .text          0x400021e4      0xcc4 wolfcrypt/src/sha256.o
                0x400028e4                wc_InitSha256_ex
                0x400029a0                wc_Sha256Update
                0x40002b1c                wc_Sha256FinalRaw
                0x40002b88                wc_Sha256Final
                0x40002d64                wc_InitSha256
                0x40002d70                wc_Sha256Free
                0x40002dc0                wc_Sha256Copy
                0x40002e10                wc_Sha256GetHash
 .text          0x40002ea8     0x1cf8 wolfcrypt/src/sha3.o
                0x40003028                BlockSha3
                0x400047b0                wc_InitSha3_224
                0x400047c4                wc_Sha3_224_Update
                0x400047cc                wc_Sha3_224_Final
                0x400047d8                wc_Sha3_224_Free
                0x400047dc                wc_Sha3_224_GetHash
                0x400047e8                wc_Sha3_224_Copy
                0x400047ec                wc_InitSha3_256
                0x40004800                wc_Sha3_256_Update
                0x40004808                wc_Sha3_256_Final
                0x40004814                wc_Sha3_256_Free
                0x40004818                wc_Sha3_256_GetHash
                0x40004824                wc_Sha3_256_Copy
                0x40004828                wc_InitSha3_384
                0x4000483c                wc_Sha3_384_Update
                0x40004844                wc_Sha3_384_Final
                0x40004850                wc_Sha3_384_Free
                0x40004854                wc_Sha3_384_GetHash
                0x40004860                wc_Sha3_384_Copy
                0x40004864                wc_InitSha3_512
                0x40004878                wc_Sha3_512_Update
                0x40004880                wc_Sha3_512_Final
                0x4000488c                wc_Sha3_512_Free
                0x40004890                wc_Sha3_512_GetHash
                0x4000489c                wc_Sha3_512_Copy
                0x400048a0                wc_InitShake128
                0x400048b4                wc_Shake128_Update
                0x400048dc                wc_Shake128_Final
                0x40004938                wc_Shake128_Absorb
                0x4000499c                wc_Shake128_SqueezeBlocks
                0x40004a18                wc_Shake128_Free
                0x40004a1c                wc_Shake128_Copy
                0x40004a20                wc_InitShake256
                0x40004a34                wc_Shake256_Update
                0x40004a5c                wc_Shake256_Final
                0x40004ab8                wc_Shake256_Absorb
                0x40004b1c                wc_Shake256_SqueezeBlocks
                0x40004b98                wc_Shake256_Free
                0x40004b9c                wc_Shake256_Copy
 .text          0x40004ba0     0x27a4 wolfcrypt/src/aes.o
                0x40005e38                wc_AesSetIV
                0x400062e8                wc_AesSetKeyDirect
                0x40006300                wc_AesSetKey
                0x40006318                wc_AesEncryptDirect
                0x40006334                wc_AesDecryptDirect
                0x40006388                wc_AesCbcEncrypt
                0x40006450                wc_AesCbcDecrypt
                0x40006564                wc_AesGcmSetKey
                0x4000660c                GHASH
                0x40006838                wc_AesGcmEncrypt
                0x40006a3c                wc_AesGcmDecrypt
                0x40006c70                wc_AesGcmSetExtIV
                0x40006cf0                wc_AesGcmSetIV
                0x40006dc8                wc_AesGcmEncrypt_ex
                0x40006f00                wc_GmacSetKey
                0x40006f14                wc_GmacUpdate
                0x40006f5c                wc_AesInit
                0x40006fa8                wc_AesNew
                0x40007030                wc_AesFree
                0x40007040                wc_AesDelete
                0x40007094                wc_Gmac
                0x400071d8                wc_GmacVerify
                0x400072f4                wc_AesGetKeySize
 .text          0x40007344      0xfa8 wolfcrypt/src/wc_mlkem.o
                0x40007654                wc_MlKemKey_Init
                0x40007700                wc_MlKemKey_New
                0x40007770                wc_MlKemKey_Free
                0x400077fc                wc_MlKemKey_Delete
                0x40007850                wc_MlKemKey_MakeKeyWithRandom
                0x400079c4                wc_MlKemKey_MakeKey
                0x40007a38                wc_MlKemKey_CipherTextSize
                0x40007a88                wc_MlKemKey_SharedSecretSize
                0x40007a98                wc_MlKemKey_Decapsulate
                0x40007c28                wc_MlKemKey_DecodePrivateKey
                0x40007d50                wc_MlKemKey_DecodePublicKey
                0x40007e38                wc_MlKemKey_PrivateKeySize
                0x40007e90                wc_MlKemKey_PublicKeySize
                0x40007ee0                wc_MlKemKey_EncodePublicKey
                0x40007fec                wc_MlKemKey_EncapsulateWithRandom
                0x4000812c                wc_MlKemKey_Encapsulate
                0x400081ac                wc_MlKemKey_EncodePrivateKey
 .text          0x400082ec     0x4090 wolfcrypt/src/wc_mlkem_poly.o
                0x4000a3ec                mlkem_init
                0x4000a3f0                mlkem_decapsulate
                0x4000a4c8                mlkem_hash_new
                0x4000a4cc                mlkem_hash_free
                0x4000a4d0                mlkem_hash256
                0x4000a520                mlkem_hash512
                0x4000a5a8                mlkem_prf_init
                0x4000a5b4                mlkem_encapsulate_seeds
                0x4000aa50                mlkem_keygen_seeds
                0x4000b554                mlkem_prf_new
                0x4000b558                mlkem_prf_free
                0x4000b55c                mlkem_derive_secret
                0x4000b610                mlkem_get_noise
                0x4000b660                mlkem_cmp
                0x4000b698                mlkem_vec_compress_10
                0x4000b84c                mlkem_vec_compress_11
                0x4000bb38                mlkem_vec_decompress_10
                0x4000bc00                mlkem_vec_decompress_11
                0x4000bd90                mlkem_compress_4
                0x4000be98                mlkem_compress_5
                0x4000bfcc                mlkem_decompress_4
                0x4000c028                mlkem_decompress_5
                0x4000c130                mlkem_from_msg
                0x4000c134                mlkem_to_msg
                0x4000c26c                mlkem_from_bytes
                0x4000c2d4                mlkem_to_bytes
 .text          0x4000c37c      0x284 ../build/sim/software/libbase/libbase.a(uart.o)
                0x4000c37c                uart_isr
                0x4000c478                uart_read
                0x4000c4c8                uart_read_nonblock
                0x4000c4e4                uart_write
                0x4000c570                uart_init
                0x4000c5e8                uart_sync
 .text          0x4000c600      0x110 ../build/sim/software/libbase/libbase.a(isr.o)
                0x4000c600                irq_attach
                0x4000c664                irq_detach
                0x4000c66c                isr
 .text.memcpy   0x4000c710       0x24 ../build/sim/software/libc/libc.a(memcpy-asm.S.o)
                0x4000c710                memcpy
 .text.memset   0x4000c734       0x1c ../build/sim/software/libc/libc.a(memset.S.o)
                0x4000c734                memset
 .text.strlen   0x4000c750       0x1c ../build/sim/software/libc/libc.a(strlen.c.o)
                0x4000c750                strlen
 .text.free     0x4000c76c       0xd0 ../build/sim/software/libc/libc.a(nano-malloc-free.c.o)
                0x4000c76c                __malloc_free
                0x4000c76c                cfree
                0x4000c76c                free
 .text.__malloc_sbrk_aligned
                0x4000c83c       0x98 ../build/sim/software/libc/libc.a(nano-malloc-malloc.c.o)
                0x4000c83c                __malloc_sbrk_aligned
 .text.__malloc_grow_chunk
                0x4000c8d4       0x8c ../build/sim/software/libc/libc.a(nano-malloc-malloc.c.o)
                0x4000c8d4                __malloc_grow_chunk
 .text.malloc   0x4000c960      0x128 ../build/sim/software/libc/libc.a(nano-malloc-malloc.c.o)
                0x4000c960                malloc
                0x4000c960                __malloc_malloc
 .text.realloc  0x4000ca88      0x1ac ../build/sim/software/libc/libc.a(nano-malloc-realloc.c.o)
                0x4000ca88                realloc
 .text.__retarget_lock_acquire_recursive
                0x4000cc34        0x4 ../build/sim/software/libc/libc.a(libc_misc_lock.c.o)
                0x4000cc34                __retarget_lock_acquire_recursive
 .text.__retarget_lock_release_recursive
                0x4000cc38        0x4 ../build/sim/software/libc/libc.a(libc_misc_lock.c.o)
                0x4000cc38                __retarget_lock_release_recursive
 .text.memcmp   0x4000cc3c       0x30 ../build/sim/software/libc/libc.a(libc_string_memcmp.c.o)
                0x4000cc3c                memcmp
 .text.sbrk     0x4000cc6c       0x48 ../build/sim/software/libc/libc.a(libc_picolib_picosbrk.c.o)
                0x4000cc6c                sbrk
 .text.printf   0x4000ccb4       0x48 ../build/sim/software/libc/libc.a(libc_tinystdio_printf.c.o)
                0x4000ccb4                printf
 .text.__ultoa_invert
                0x4000ccfc       0xf4 ../build/sim/software/libc/libc.a(libc_tinystdio_vfiprintf.c.o)
 .text.vfprintf
                0x4000cdf0      0x6c8 ../build/sim/software/libc/libc.a(libc_tinystdio_vfiprintf.c.o)
                0x4000cdf0                __i_vfprintf
                0x4000cdf0                vfprintf
 .text          0x4000d4b8       0x5c ../build/sim/software/libc/libc.a(_libc.a)
 .text.strnlen  0x4000d514       0x24 ../build/sim/software/libc/libc.a(libc_string_strnlen.c.o)
                0x4000d514                strnlen
 .text          0x4000d538       0x74 ../build/sim/software/libcompiler_rt/libcompiler_rt.a(ctzsi2.o)
                0x4000d538                __ctzsi2
 .text          0x4000d5ac        0x8 ../build/sim/software/libcompiler_rt/libcompiler_rt.a(udivdi3.o)
                0x4000d5ac                __udivdi3
 .text          0x4000d5b4       0x24 ../build/sim/software/libcompiler_rt/libcompiler_rt.a(umoddi3.o)
                0x4000d5b4                __umoddi3
 .text          0x4000d5d8      0x300 ../build/sim/software/libcompiler_rt/libcompiler_rt.a(udivmoddi4.o)
                0x4000d5d8                __udivmoddi4
 .text          0x4000d8d8       0x90 ../build/sim/software/libcompiler_rt/libcompiler_rt.a(clzsi2.o)
                0x4000d8d8                __clzsi2
 *(.init)
 *(.init_array .ctors .ctors.*)
                0x4000d968                        _etext = .

.rodata         0x4000d968     0x10b0
                0x4000d968                        . = ALIGN (0x8)
                0x4000d968                        _frodata = .
 *(.rodata .rodata.* .srodata .srodata.* .gnu.linkonce.r.*)
 .rodata.str1.4
                0x4000d968      0x884 main.o
                                0x841 (size before relaxing)
 .rodata        0x4000e1ec       0x10 main.o
 .rodata        0x4000e1fc      0x180 wolfcrypt/src/random.o
                0x4000e1fc                seedB_data
                0x4000e22c                outputB_data
                0x4000e2ac                reseedSeedA_data
                0x4000e2cc                seedA_data
                0x4000e2fc                outputA_data
 .rodata        0x4000e37c      0x100 wolfcrypt/src/sha256.o
 *fill*         0x4000e47c        0x4 
 .rodata        0x4000e480       0xc0 wolfcrypt/src/sha3.o
 .rodata        0x4000e540      0x228 wolfcrypt/src/aes.o
 .srodata       0x4000e768        0xe wolfcrypt/src/wc_mlkem.o
 *fill*         0x4000e776        0x2 
 .rodata        0x4000e778      0x200 wolfcrypt/src/wc_mlkem_poly.o
                0x4000e778                zetas
                0x4000e878                zetas_inv
 .rodata.str1.4
                0x4000e978       0x2f ../build/sim/software/libbase/libbase.a(isr.o)
 .rodata.str1.4
                0x4000e978       0x10 ../build/sim/software/libc/libc.a(libc_tinystdio_vfiprintf.c.o)
 .rodata        0x4000e978       0x90 ../build/sim/software/libc/libc.a(libc_tinystdio_vfiprintf.c.o)
 .srodata       0x4000ea08        0xc ../build/sim/software/libc/libc.a(_libc.a)
                0x4000ea08                stdin
                0x4000ea0c                stderr
                0x4000ea10                stdout
 *(.rodata1)
 *(.got .got.*)
 *(.toc .toc.*)
                0x4000ea18                        . = ALIGN (0x8)
 *fill*         0x4000ea14        0x4 
                0x4000ea18                        _erodata = .

.rela.dyn       0x4000ea18        0x0
 .rela.text     0x4000ea18        0x0 crt0.o
 .rela.text.sbrk
                0x4000ea18        0x0 crt0.o
 .rela.sdata    0x4000ea18        0x0 crt0.o

.data           0x4000ea18       0x18
                0x4000ea18                        . = ALIGN (0x8)
                0x4000ea18                        _fdata = .
 *(.data .data.* .gnu.linkonce.d.*)
 .data          0x4000ea18       0x10 ../build/sim/software/libc/libc.a(_libc.a)
 *(.data1)
                0x4000ea30                        _gp = ALIGN (0x10)
 *(.sdata .sdata.* .gnu.linkonce.s.*)
 .sdata         0x4000ea28        0x4 main.o
 .sdata         0x4000ea2c        0x4 ../build/sim/software/libc/libc.a(libc_picolib_picosbrk.c.o)
                0x4000ea30                        . = ALIGN (0x8)
                0x4000ea30                        _edata = .

.bss            0x4000ea30      0x190
                0x4000ea30                        . = ALIGN (0x8)
                0x4000ea30                        _fbss = .
 *(.dynsbss)
 *(.sbss .sbss.* .gnu.linkonce.sb.*)
 .sbss          0x4000ea30        0x8 main.o
 .sbss          0x4000ea38        0xc wolfcrypt/src/memory.o
 .sbss          0x4000ea44        0x2 wolfcrypt/src/wc_mlkem.o
                0x4000ea44                mlkem_opt_blocker
 *fill*         0x4000ea46        0x2 
 .sbss          0x4000ea48       0x10 ../build/sim/software/libbase/libbase.a(uart.o)
 .sbss          0x4000ea58        0x8 ../build/sim/software/libbase/libbase.a(isr.o)
                0x4000ea58                irq_table
 .sbss          0x4000ea60        0xc ../build/sim/software/libc/libc.a(nano-malloc-malloc.c.o)
                0x4000ea60                __malloc_sbrk_top
                0x4000ea64                __malloc_sbrk_start
                0x4000ea68                __malloc_free_list
 .sbss          0x4000ea6c        0x4 ../build/sim/software/libc/libc.a(libc_errno_errno.c.o)
                0x4000ea6c                errno
 .sbss          0x4000ea70        0x1 ../build/sim/software/libc/libc.a(libc_misc_lock.c.o)
                0x4000ea70                __lock___libc_recursive_mutex
 *(.scommon)
 *(.dynbss)
 *(.bss .bss.* .gnu.linkonce.b.*)
 *fill*         0x4000ea71        0x3 
 .bss           0x4000ea74       0x4c main.o
 .bss           0x4000eac0      0x100 ../build/sim/software/libbase/libbase.a(uart.o)
 *(COMMON)
                0x4000ebc0                        . = ALIGN (0x8)
                0x4000ebc0                        _ebss = .
                0x4000ebc0                        __end = .

._user_heap     0x4000ebc0    0x20000
                0x4000ebc0                        . = ALIGN (0x8)
                0x4000ebc0                        __heap_start = .
                0x4002ebc0                        . = (. + _heap_size)
 *fill*         0x4000ebc0    0x20000 
                0x4002ebc0                        . = ALIGN (0x8)
                0x4002ebc0                        __heap_end = .
                0x46400000                        __stack_end = (ORIGIN (main_ram) + LENGTH (main_ram))
                0x463f0000                        __stack_start = (__stack_end - _stack_size)

._stack         0x4002ebc0        0x0
                0x4002ebc0                        . = ALIGN (0x10)
                0x46400000                        PROVIDE (_fstack = __stack_end)
                0x4000ea18                        PROVIDE (_fdata_rom = LOADADDR (.data))
                [!provide]                        PROVIDE (_edata_rom = (LOADADDR (.data) + SIZEOF (.data)))
OUTPUT(boot.elf elf32-littleriscv)

.riscv.attributes
                0x00000000       0x43
 .riscv.attributes
                0x00000000       0x41 crt0.o
 .riscv.attributes
                0x00000041       0x37 main.o
 .riscv.attributes
                0x00000078       0x3f wolfcrypt/src/memory.o
 .riscv.attributes
                0x000000b7       0x3f wolfcrypt/src/random.o
 .riscv.attributes
                0x000000f6       0x3f wolfcrypt/src/sha256.o
 .riscv.attributes
                0x00000135       0x3f wolfcrypt/src/sha3.o
 .riscv.attributes
                0x00000174       0x33 wolfcrypt/src/aes.o
 .riscv.attributes
                0x000001a7       0x33 wolfcrypt/src/wc_mlkem.o
 .riscv.attributes
                0x000001da       0x33 wolfcrypt/src/wc_mlkem_poly.o
 .riscv.attributes
                0x0000020d       0x37 ../build/sim/software/libbase/libbase.a(uart.o)
 .riscv.attributes
                0x00000244       0x37 ../build/sim/software/libbase/libbase.a(isr.o)
 .riscv.attributes
                0x0000027b       0x31 ../build/sim/software/libc/libc.a(memcpy-asm.S.o)
 .riscv.attributes
                0x000002ac       0x31 ../build/sim/software/libc/libc.a(memset.S.o)
 .riscv.attributes
                0x000002dd       0x33 ../build/sim/software/libc/libc.a(strlen.c.o)
 .riscv.attributes
                0x00000310       0x33 ../build/sim/software/libc/libc.a(nano-malloc-free.c.o)
 .riscv.attributes
                0x00000343       0x33 ../build/sim/software/libc/libc.a(nano-malloc-malloc.c.o)
 .riscv.attributes
                0x00000376       0x33 ../build/sim/software/libc/libc.a(nano-malloc-realloc.c.o)
 .riscv.attributes
                0x000003a9       0x33 ../build/sim/software/libc/libc.a(libc_errno_errno.c.o)
 .riscv.attributes
                0x000003dc       0x33 ../build/sim/software/libc/libc.a(libc_misc_lock.c.o)
 .riscv.attributes
                0x0000040f       0x33 ../build/sim/software/libc/libc.a(libc_string_memcmp.c.o)
 .riscv.attributes
                0x00000442       0x33 ../build/sim/software/libc/libc.a(libc_picolib_picosbrk.c.o)
 .riscv.attributes
                0x00000475       0x33 ../build/sim/software/libc/libc.a(libc_tinystdio_printf.c.o)
 .riscv.attributes
                0x000004a8       0x33 ../build/sim/software/libc/libc.a(libc_tinystdio_vfiprintf.c.o)
 .riscv.attributes
                0x000004db       0x33 ../build/sim/software/libc/libc.a(_libc.a)
 .riscv.attributes
                0x0000050e       0x33 ../build/sim/software/libc/libc.a(libc_string_strnlen.c.o)
 .riscv.attributes
                0x00000541       0x33 ../build/sim/software/libcompiler_rt/libcompiler_rt.a(ctzsi2.o)
 .riscv.attributes
                0x00000574       0x33 ../build/sim/software/libcompiler_rt/libcompiler_rt.a(udivdi3.o)
 .riscv.attributes
                0x000005a7       0x33 ../build/sim/software/libcompiler_rt/libcompiler_rt.a(umoddi3.o)
 .riscv.attributes
                0x000005da       0x33 ../build/sim/software/libcompiler_rt/libcompiler_rt.a(udivmoddi4.o)
 .riscv.attributes
                0x0000060d       0x33 ../build/sim/software/libcompiler_rt/libcompiler_rt.a(clzsi2.o)

.comment        0x00000000       0x22
 .comment       0x00000000       0x22 main.o
                                 0x23 (size before relaxing)
 .comment       0x00000022       0x23 wolfcrypt/src/memory.o
 .comment       0x00000022       0x23 wolfcrypt/src/random.o
 .comment       0x00000022       0x23 wolfcrypt/src/sha256.o
 .comment       0x00000022       0x23 wolfcrypt/src/sha3.o
 .comment       0x00000022       0x23 wolfcrypt/src/aes.o
 .comment       0x00000022       0x23 wolfcrypt/src/wc_mlkem.o
 .comment       0x00000022       0x23 wolfcrypt/src/wc_mlkem_poly.o
 .comment       0x00000022       0x23 ../build/sim/software/libbase/libbase.a(uart.o)
 .comment       0x00000022       0x23 ../build/sim/software/libbase/libbase.a(isr.o)
 .comment       0x00000022       0x23 ../build/sim/software/libc/libc.a(strlen.c.o)
 .comment       0x00000022       0x23 ../build/sim/software/libc/libc.a(nano-malloc-free.c.o)
 .comment       0x00000022       0x23 ../build/sim/software/libc/libc.a(nano-malloc-malloc.c.o)
 .comment       0x00000022       0x23 ../build/sim/software/libc/libc.a(nano-malloc-realloc.c.o)
 .comment       0x00000022       0x23 ../build/sim/software/libc/libc.a(libc_errno_errno.c.o)
 .comment       0x00000022       0x23 ../build/sim/software/libc/libc.a(libc_misc_lock.c.o)
 .comment       0x00000022       0x23 ../build/sim/software/libc/libc.a(libc_string_memcmp.c.o)
 .comment       0x00000022       0x23 ../build/sim/software/libc/libc.a(libc_picolib_picosbrk.c.o)
 .comment       0x00000022       0x23 ../build/sim/software/libc/libc.a(libc_tinystdio_printf.c.o)
 .comment       0x00000022       0x23 ../build/sim/software/libc/libc.a(libc_tinystdio_vfiprintf.c.o)
 .comment       0x00000022       0x23 ../build/sim/software/libc/libc.a(_libc.a)
 .comment       0x00000022       0x23 ../build/sim/software/libc/libc.a(libc_string_strnlen.c.o)
 .comment       0x00000022       0x23 ../build/sim/software/libcompiler_rt/libcompiler_rt.a(ctzsi2.o)
 .comment       0x00000022       0x23 ../build/sim/software/libcompiler_rt/libcompiler_rt.a(udivdi3.o)
 .comment       0x00000022       0x23 ../build/sim/software/libcompiler_rt/libcompiler_rt.a(umoddi3.o)
 .comment       0x00000022       0x23 ../build/sim/software/libcompiler_rt/libcompiler_rt.a(udivmoddi4.o)
 .comment       0x00000022       0x23 ../build/sim/software/libcompiler_rt/libcompiler_rt.a(clzsi2.o)

.debug_line     0x00000000    0x16233
 .debug_line    0x00000000      0x1ce crt0.o
 .debug_line    0x000001ce     0x131c main.o
 .debug_line    0x000014ea      0x3d5 wolfcrypt/src/memory.o
 .debug_line    0x000018bf     0x1ee8 wolfcrypt/src/random.o
 .debug_line    0x000037a7     0x179c wolfcrypt/src/sha256.o
 .debug_line    0x00004f43     0x1b00 wolfcrypt/src/sha3.o
 .debug_line    0x00006a43     0x3b84 wolfcrypt/src/aes.o
 .debug_line    0x0000a5c7     0x190e wolfcrypt/src/wc_mlkem.o
 .debug_line    0x0000bed5     0x63f2 wolfcrypt/src/wc_mlkem_poly.o
 .debug_line    0x000122c7      0x7e3 ../build/sim/software/libbase/libbase.a(uart.o)
 .debug_line    0x00012aaa      0x3a0 ../build/sim/software/libbase/libbase.a(isr.o)
 .debug_line    0x00012e4a       0x7a ../build/sim/software/libc/libc.a(memcpy-asm.S.o)
 .debug_line    0x00012ec4       0x6e ../build/sim/software/libc/libc.a(memset.S.o)
 .debug_line    0x00012f32      0x102 ../build/sim/software/libc/libc.a(strlen.c.o)
 .debug_line    0x00013034      0x2f8 ../build/sim/software/libc/libc.a(nano-malloc-free.c.o)
 .debug_line    0x0001332c      0x637 ../build/sim/software/libc/libc.a(nano-malloc-malloc.c.o)
 .debug_line    0x00013963      0x445 ../build/sim/software/libc/libc.a(nano-malloc-realloc.c.o)
 .debug_line    0x00013da8       0x72 ../build/sim/software/libc/libc.a(libc_errno_errno.c.o)
 .debug_line    0x00013e1a      0x158 ../build/sim/software/libc/libc.a(libc_misc_lock.c.o)
 .debug_line    0x00013f72      0x12d ../build/sim/software/libc/libc.a(libc_string_memcmp.c.o)
 .debug_line    0x0001409f      0x152 ../build/sim/software/libc/libc.a(libc_picolib_picosbrk.c.o)
 .debug_line    0x000141f1      0x134 ../build/sim/software/libc/libc.a(libc_tinystdio_printf.c.o)
 .debug_line    0x00014325      0xf59 ../build/sim/software/libc/libc.a(libc_tinystdio_vfiprintf.c.o)
 .debug_line    0x0001527e      0x195 ../build/sim/software/libc/libc.a(_libc.a)
 .debug_line    0x00015413      0x107 ../build/sim/software/libc/libc.a(libc_string_strnlen.c.o)
 .debug_line    0x0001551a      0x1df ../build/sim/software/libcompiler_rt/libcompiler_rt.a(ctzsi2.o)
 .debug_line    0x000156f9       0xcb ../build/sim/software/libcompiler_rt/libcompiler_rt.a(udivdi3.o)
 .debug_line    0x000157c4       0xf9 ../build/sim/software/libcompiler_rt/libcompiler_rt.a(umoddi3.o)
 .debug_line    0x000158bd      0x76d ../build/sim/software/libcompiler_rt/libcompiler_rt.a(udivmoddi4.o)
 .debug_line    0x0001602a      0x209 ../build/sim/software/libcompiler_rt/libcompiler_rt.a(clzsi2.o)

.debug_line_str
                0x00000000     0x1c12
 .debug_line_str
                0x00000000     0x1c12 crt0.o
                                 0xd8 (size before relaxing)
 .debug_line_str
                0x00001c12      0x7d1 main.o
 .debug_line_str
                0x00001c12      0x611 wolfcrypt/src/memory.o
 .debug_line_str
                0x00001c12      0x62b wolfcrypt/src/random.o
 .debug_line_str
                0x00001c12      0x630 wolfcrypt/src/sha256.o
 .debug_line_str
                0x00001c12      0x622 wolfcrypt/src/sha3.o
 .debug_line_str
                0x00001c12      0x61d wolfcrypt/src/aes.o
 .debug_line_str
                0x00001c12      0x63f wolfcrypt/src/wc_mlkem.o
 .debug_line_str
                0x00001c12      0x64f wolfcrypt/src/wc_mlkem_poly.o
 .debug_line_str
                0x00001c12      0x6a0 ../build/sim/software/libbase/libbase.a(uart.o)
 .debug_line_str
                0x00001c12      0x7a2 ../build/sim/software/libbase/libbase.a(isr.o)
 .debug_line_str
                0x00001c12       0x9c ../build/sim/software/libc/libc.a(memcpy-asm.S.o)
 .debug_line_str
                0x00001c12       0x98 ../build/sim/software/libc/libc.a(memset.S.o)
 .debug_line_str
                0x00001c12      0x2a1 ../build/sim/software/libc/libc.a(strlen.c.o)
 .debug_line_str
                0x00001c12      0x390 ../build/sim/software/libc/libc.a(nano-malloc-free.c.o)
 .debug_line_str
                0x00001c12      0x396 ../build/sim/software/libc/libc.a(nano-malloc-malloc.c.o)
 .debug_line_str
                0x00001c12      0x399 ../build/sim/software/libc/libc.a(nano-malloc-realloc.c.o)
 .debug_line_str
                0x00001c12      0x217 ../build/sim/software/libc/libc.a(libc_errno_errno.c.o)
 .debug_line_str
                0x00001c12      0x211 ../build/sim/software/libc/libc.a(libc_misc_lock.c.o)
 .debug_line_str
                0x00001c12      0x293 ../build/sim/software/libc/libc.a(libc_string_memcmp.c.o)
 .debug_line_str
                0x00001c12      0x28f ../build/sim/software/libc/libc.a(libc_picolib_picosbrk.c.o)
 .debug_line_str
                0x00001c12      0x27f ../build/sim/software/libc/libc.a(libc_tinystdio_printf.c.o)
 .debug_line_str
                0x00001c12      0x429 ../build/sim/software/libc/libc.a(libc_tinystdio_vfiprintf.c.o)
 .debug_line_str
                0x00001c12      0x89e ../build/sim/software/libc/libc.a(_libc.a)
 .debug_line_str
                0x00001c12      0x29f ../build/sim/software/libc/libc.a(libc_string_strnlen.c.o)
 .debug_line_str
                0x00001c12      0x5ce ../build/sim/software/libcompiler_rt/libcompiler_rt.a(ctzsi2.o)
 .debug_line_str
                0x00001c12      0x5d1 ../build/sim/software/libcompiler_rt/libcompiler_rt.a(udivdi3.o)
 .debug_line_str
                0x00001c12      0x5d1 ../build/sim/software/libcompiler_rt/libcompiler_rt.a(umoddi3.o)
 .debug_line_str
                0x00001c12      0x5da ../build/sim/software/libcompiler_rt/libcompiler_rt.a(udivmoddi4.o)
 .debug_line_str
                0x00001c12      0x5ce ../build/sim/software/libcompiler_rt/libcompiler_rt.a(clzsi2.o)

.debug_info     0x00000000    0x1707e
 .debug_info    0x00000000       0x25 crt0.o
 .debug_info    0x00000025     0x224c main.o
 .debug_info    0x00002271      0x9d3 wolfcrypt/src/memory.o
 .debug_info    0x00002c44     0x2ea5 wolfcrypt/src/random.o
 .debug_info    0x00005ae9     0x1ccf wolfcrypt/src/sha256.o
 .debug_info    0x000077b8     0x1de1 wolfcrypt/src/sha3.o
 .debug_info    0x00009599     0x4853 wolfcrypt/src/aes.o
 .debug_info    0x0000ddec     0x24bb wolfcrypt/src/wc_mlkem.o
 .debug_info    0x000102a7     0x41c0 wolfcrypt/src/wc_mlkem_poly.o
 .debug_info    0x00014467      0x69a ../build/sim/software/libbase/libbase.a(uart.o)
 .debug_info    0x00014b01      0x357 ../build/sim/software/libbase/libbase.a(isr.o)
 .debug_info    0x00014e58       0x31 ../build/sim/software/libc/libc.a(memcpy-asm.S.o)
 .debug_info    0x00014e89       0x31 ../build/sim/software/libc/libc.a(memset.S.o)
 .debug_info    0x00014eba       0xd1 ../build/sim/software/libc/libc.a(strlen.c.o)
 .debug_info    0x00014f8b      0x27c ../build/sim/software/libc/libc.a(nano-malloc-free.c.o)
 .debug_info    0x00015207      0x504 ../build/sim/software/libc/libc.a(nano-malloc-malloc.c.o)
 .debug_info    0x0001570b      0x4e9 ../build/sim/software/libc/libc.a(nano-malloc-realloc.c.o)
 .debug_info    0x00015bf4       0x4b ../build/sim/software/libc/libc.a(libc_errno_errno.c.o)
 .debug_info    0x00015c3f      0x1b2 ../build/sim/software/libc/libc.a(libc_misc_lock.c.o)
 .debug_info    0x00015df1       0xec ../build/sim/software/libc/libc.a(libc_string_memcmp.c.o)
 .debug_info    0x00015edd       0xfb ../build/sim/software/libc/libc.a(libc_picolib_picosbrk.c.o)
 .debug_info    0x00015fd8      0x207 ../build/sim/software/libc/libc.a(libc_tinystdio_printf.c.o)
 .debug_info    0x000161df      0x4e7 ../build/sim/software/libc/libc.a(libc_tinystdio_vfiprintf.c.o)
 .debug_info    0x000166c6      0x26b ../build/sim/software/libc/libc.a(_libc.a)
 .debug_info    0x00016931       0xdd ../build/sim/software/libc/libc.a(libc_string_strnlen.c.o)
 .debug_info    0x00016a0e       0xf8 ../build/sim/software/libcompiler_rt/libcompiler_rt.a(ctzsi2.o)
 .debug_info    0x00016b06      0x127 ../build/sim/software/libcompiler_rt/libcompiler_rt.a(udivdi3.o)
 .debug_info    0x00016c2d      0x135 ../build/sim/software/libcompiler_rt/libcompiler_rt.a(umoddi3.o)
 .debug_info    0x00016d62      0x224 ../build/sim/software/libcompiler_rt/libcompiler_rt.a(udivmoddi4.o)
 .debug_info    0x00016f86       0xf8 ../build/sim/software/libcompiler_rt/libcompiler_rt.a(clzsi2.o)

.debug_abbrev   0x00000000     0x3a64
 .debug_abbrev  0x00000000       0x14 crt0.o
 .debug_abbrev  0x00000014      0x566 main.o
 .debug_abbrev  0x0000057a      0x228 wolfcrypt/src/memory.o
 .debug_abbrev  0x000007a2      0x4a3 wolfcrypt/src/random.o
 .debug_abbrev  0x00000c45      0x46a wolfcrypt/src/sha256.o
 .debug_abbrev  0x000010af      0x3d0 wolfcrypt/src/sha3.o
 .debug_abbrev  0x0000147f      0x564 wolfcrypt/src/aes.o
 .debug_abbrev  0x000019e3      0x3fb wolfcrypt/src/wc_mlkem.o
 .debug_abbrev  0x00001dde      0x4b2 wolfcrypt/src/wc_mlkem_poly.o
 .debug_abbrev  0x00002290      0x23b ../build/sim/software/libbase/libbase.a(uart.o)
 .debug_abbrev  0x000024cb      0x25b ../build/sim/software/libbase/libbase.a(isr.o)
 .debug_abbrev  0x00002726       0x28 ../build/sim/software/libc/libc.a(memcpy-asm.S.o)
 .debug_abbrev  0x0000274e       0x28 ../build/sim/software/libc/libc.a(memset.S.o)
 .debug_abbrev  0x00002776       0x8a ../build/sim/software/libc/libc.a(strlen.c.o)
 .debug_abbrev  0x00002800      0x195 ../build/sim/software/libc/libc.a(nano-malloc-free.c.o)
 .debug_abbrev  0x00002995      0x292 ../build/sim/software/libc/libc.a(nano-malloc-malloc.c.o)
 .debug_abbrev  0x00002c27      0x25b ../build/sim/software/libc/libc.a(nano-malloc-realloc.c.o)
 .debug_abbrev  0x00002e82       0x4a ../build/sim/software/libc/libc.a(libc_errno_errno.c.o)
 .debug_abbrev  0x00002ecc      0x121 ../build/sim/software/libc/libc.a(libc_misc_lock.c.o)
 .debug_abbrev  0x00002fed       0x9d ../build/sim/software/libc/libc.a(libc_string_memcmp.c.o)
 .debug_abbrev  0x0000308a       0xbc ../build/sim/software/libc/libc.a(libc_picolib_picosbrk.c.o)
 .debug_abbrev  0x00003146      0x13d ../build/sim/software/libc/libc.a(libc_tinystdio_printf.c.o)
 .debug_abbrev  0x00003283      0x240 ../build/sim/software/libc/libc.a(libc_tinystdio_vfiprintf.c.o)
 .debug_abbrev  0x000034c3      0x194 ../build/sim/software/libc/libc.a(_libc.a)
 .debug_abbrev  0x00003657       0x8b ../build/sim/software/libc/libc.a(libc_string_strnlen.c.o)
 .debug_abbrev  0x000036e2       0x7c ../build/sim/software/libcompiler_rt/libcompiler_rt.a(ctzsi2.o)
 .debug_abbrev  0x0000375e       0xa5 ../build/sim/software/libcompiler_rt/libcompiler_rt.a(udivdi3.o)
 .debug_abbrev  0x00003803       0xb3 ../build/sim/software/libcompiler_rt/libcompiler_rt.a(umoddi3.o)
 .debug_abbrev  0x000038b6      0x132 ../build/sim/software/libcompiler_rt/libcompiler_rt.a(udivmoddi4.o)
 .debug_abbrev  0x000039e8       0x7c ../build/sim/software/libcompiler_rt/libcompiler_rt.a(clzsi2.o)

.debug_aranges  0x00000000      0x420
 .debug_aranges
                0x00000000       0x20 crt0.o
 .debug_aranges
                0x00000020       0x28 main.o
 .debug_aranges
                0x00000048       0x20 wolfcrypt/src/memory.o
 .debug_aranges
                0x00000068       0x20 wolfcrypt/src/random.o
 .debug_aranges
                0x00000088       0x20 wolfcrypt/src/sha256.o
 .debug_aranges
                0x000000a8       0x20 wolfcrypt/src/sha3.o
 .debug_aranges
                0x000000c8       0x20 wolfcrypt/src/aes.o
 .debug_aranges
                0x000000e8       0x20 wolfcrypt/src/wc_mlkem.o
 .debug_aranges
                0x00000108       0x20 wolfcrypt/src/wc_mlkem_poly.o
 .debug_aranges
                0x00000128       0x20 ../build/sim/software/libbase/libbase.a(uart.o)
 .debug_aranges
                0x00000148       0x20 ../build/sim/software/libbase/libbase.a(isr.o)
 .debug_aranges
                0x00000168       0x20 ../build/sim/software/libc/libc.a(memcpy-asm.S.o)
 .debug_aranges
                0x00000188       0x20 ../build/sim/software/libc/libc.a(memset.S.o)
 .debug_aranges
                0x000001a8       0x20 ../build/sim/software/libc/libc.a(strlen.c.o)
 .debug_aranges
                0x000001c8       0x20 ../build/sim/software/libc/libc.a(nano-malloc-free.c.o)
 .debug_aranges
                0x000001e8       0x30 ../build/sim/software/libc/libc.a(nano-malloc-malloc.c.o)
 .debug_aranges
                0x00000218       0x20 ../build/sim/software/libc/libc.a(nano-malloc-realloc.c.o)
 .debug_aranges
                0x00000238       0x18 ../build/sim/software/libc/libc.a(libc_errno_errno.c.o)
 .debug_aranges
                0x00000250       0x68 ../build/sim/software/libc/libc.a(libc_misc_lock.c.o)
 .debug_aranges
                0x000002b8       0x20 ../build/sim/software/libc/libc.a(libc_string_memcmp.c.o)
 .debug_aranges
                0x000002d8       0x20 ../build/sim/software/libc/libc.a(libc_picolib_picosbrk.c.o)
 .debug_aranges
                0x000002f8       0x20 ../build/sim/software/libc/libc.a(libc_tinystdio_printf.c.o)
 .debug_aranges
                0x00000318       0x28 ../build/sim/software/libc/libc.a(libc_tinystdio_vfiprintf.c.o)
 .debug_aranges
                0x00000340       0x20 ../build/sim/software/libc/libc.a(_libc.a)
 .debug_aranges
                0x00000360       0x20 ../build/sim/software/libc/libc.a(libc_string_strnlen.c.o)
 .debug_aranges
                0x00000380       0x20 ../build/sim/software/libcompiler_rt/libcompiler_rt.a(ctzsi2.o)
 .debug_aranges
                0x000003a0       0x20 ../build/sim/software/libcompiler_rt/libcompiler_rt.a(udivdi3.o)
 .debug_aranges
                0x000003c0       0x20 ../build/sim/software/libcompiler_rt/libcompiler_rt.a(umoddi3.o)
 .debug_aranges
                0x000003e0       0x20 ../build/sim/software/libcompiler_rt/libcompiler_rt.a(udivmoddi4.o)
 .debug_aranges
                0x00000400       0x20 ../build/sim/software/libcompiler_rt/libcompiler_rt.a(clzsi2.o)

.debug_str      0x00000000    0x1a637
 .debug_str     0x00000000    0x1a637 crt0.o
                                 0xe4 (size before relaxing)
 .debug_str     0x0001a637    0x11366 main.o
 .debug_str     0x0001a637     0xdf8e wolfcrypt/src/memory.o
 .debug_str     0x0001a637     0xf25e wolfcrypt/src/random.o
 .debug_str     0x0001a637     0xf2c6 wolfcrypt/src/sha256.o
 .debug_str     0x0001a637     0xf5f0 wolfcrypt/src/sha3.o
 .debug_str     0x0001a637     0xf4c5 wolfcrypt/src/aes.o
 .debug_str     0x0001a637    0x1076a wolfcrypt/src/wc_mlkem.o
 .debug_str     0x0001a637    0x1124f wolfcrypt/src/wc_mlkem_poly.o
 .debug_str     0x0001a637     0x6255 ../build/sim/software/libbase/libbase.a(uart.o)
 .debug_str     0x0001a637     0x8133 ../build/sim/software/libbase/libbase.a(isr.o)
 .debug_str     0x0001a637       0xaf ../build/sim/software/libc/libc.a(memcpy-asm.S.o)
 .debug_str     0x0001a637       0xab ../build/sim/software/libc/libc.a(memset.S.o)
 .debug_str     0x0001a637     0x6b9a ../build/sim/software/libc/libc.a(strlen.c.o)
 .debug_str     0x0001a637     0xa727 ../build/sim/software/libc/libc.a(nano-malloc-free.c.o)
 .debug_str     0x0001a637     0xa81a ../build/sim/software/libc/libc.a(nano-malloc-malloc.c.o)
 .debug_str     0x0001a637     0xa7bc ../build/sim/software/libc/libc.a(nano-malloc-realloc.c.o)
 .debug_str     0x0001a637     0x48ac ../build/sim/software/libc/libc.a(libc_errno_errno.c.o)
 .debug_str     0x0001a637     0x4a03 ../build/sim/software/libc/libc.a(libc_misc_lock.c.o)
 .debug_str     0x0001a637     0x6c30 ../build/sim/software/libc/libc.a(libc_string_memcmp.c.o)
 .debug_str     0x0001a637     0x7e1c ../build/sim/software/libc/libc.a(libc_picolib_picosbrk.c.o)
 .debug_str     0x0001a637     0x6e32 ../build/sim/software/libc/libc.a(libc_tinystdio_printf.c.o)
 .debug_str     0x0001a637     0xb43c ../build/sim/software/libc/libc.a(libc_tinystdio_vfiprintf.c.o)
 .debug_str     0x0001a637     0x8161 ../build/sim/software/libc/libc.a(_libc.a)
 .debug_str     0x0001a637     0x61fc ../build/sim/software/libc/libc.a(libc_string_strnlen.c.o)
 .debug_str     0x0001a637     0x6f87 ../build/sim/software/libcompiler_rt/libcompiler_rt.a(ctzsi2.o)
 .debug_str     0x0001a637     0x6f8e ../build/sim/software/libcompiler_rt/libcompiler_rt.a(udivdi3.o)
 .debug_str     0x0001a637     0x6f8e ../build/sim/software/libcompiler_rt/libcompiler_rt.a(umoddi3.o)
 .debug_str     0x0001a637     0x6fd2 ../build/sim/software/libcompiler_rt/libcompiler_rt.a(udivmoddi4.o)
 .debug_str     0x0001a637     0x6f87 ../build/sim/software/libcompiler_rt/libcompiler_rt.a(clzsi2.o)

.debug_loclists
                0x00000000    0x101f3
 .debug_loclists
                0x00000000      0x41c main.o
 .debug_loclists
                0x0000041c      0x1ba wolfcrypt/src/memory.o
 .debug_loclists
                0x000005d6     0x143f wolfcrypt/src/random.o
 .debug_loclists
                0x00001a15      0x6df wolfcrypt/src/sha256.o
 .debug_loclists
                0x000020f4     0x1cf1 wolfcrypt/src/sha3.o
 .debug_loclists
                0x00003de5     0x2a3d wolfcrypt/src/aes.o
 .debug_loclists
                0x00006822      0xf26 wolfcrypt/src/wc_mlkem.o
 .debug_loclists
                0x00007748     0x739b wolfcrypt/src/wc_mlkem_poly.o
 .debug_loclists
                0x0000eae3      0x178 ../build/sim/software/libbase/libbase.a(uart.o)
 .debug_loclists
                0x0000ec5b       0xaa ../build/sim/software/libbase/libbase.a(isr.o)
 .debug_loclists
                0x0000ed05       0x35 ../build/sim/software/libc/libc.a(strlen.c.o)
 .debug_loclists
                0x0000ed3a       0xcd ../build/sim/software/libc/libc.a(nano-malloc-free.c.o)
 .debug_loclists
                0x0000ee07      0x1d3 ../build/sim/software/libc/libc.a(nano-malloc-malloc.c.o)
 .debug_loclists
                0x0000efda      0x15f ../build/sim/software/libc/libc.a(nano-malloc-realloc.c.o)
 .debug_loclists
                0x0000f139       0x25 ../build/sim/software/libc/libc.a(libc_misc_lock.c.o)
 .debug_loclists
                0x0000f15e       0xc8 ../build/sim/software/libc/libc.a(libc_string_memcmp.c.o)
 .debug_loclists
                0x0000f226       0x37 ../build/sim/software/libc/libc.a(libc_picolib_picosbrk.c.o)
 .debug_loclists
                0x0000f25d       0x2a ../build/sim/software/libc/libc.a(libc_tinystdio_printf.c.o)
 .debug_loclists
                0x0000f287      0x5a3 ../build/sim/software/libc/libc.a(libc_tinystdio_vfiprintf.c.o)
 .debug_loclists
                0x0000f82a       0x44 ../build/sim/software/libc/libc.a(_libc.a)
 .debug_loclists
                0x0000f86e       0xad ../build/sim/software/libc/libc.a(libc_string_strnlen.c.o)
 .debug_loclists
                0x0000f91b      0x346 ../build/sim/software/libcompiler_rt/libcompiler_rt.a(ctzsi2.o)
 .debug_loclists
                0x0000fc61       0x36 ../build/sim/software/libcompiler_rt/libcompiler_rt.a(udivdi3.o)
 .debug_loclists
                0x0000fc97       0x36 ../build/sim/software/libcompiler_rt/libcompiler_rt.a(umoddi3.o)
 .debug_loclists
                0x0000fccd      0x255 ../build/sim/software/libcompiler_rt/libcompiler_rt.a(udivmoddi4.o)
 .debug_loclists
                0x0000ff22      0x2d1 ../build/sim/software/libcompiler_rt/libcompiler_rt.a(clzsi2.o)

.debug_rnglists
                0x00000000      0xca3
 .debug_rnglists
                0x00000000       0x61 main.o
 .debug_rnglists
                0x00000061       0x17 wolfcrypt/src/memory.o
 .debug_rnglists
                0x00000078      0x155 wolfcrypt/src/random.o
 .debug_rnglists
                0x000001cd      0x319 wolfcrypt/src/sha256.o
 .debug_rnglists
                0x000004e6       0x2d wolfcrypt/src/sha3.o
 .debug_rnglists
                0x00000513       0xfb wolfcrypt/src/aes.o
 .debug_rnglists
                0x0000060e       0x58 wolfcrypt/src/wc_mlkem.o
 .debug_rnglists
                0x00000666      0x35a wolfcrypt/src/wc_mlkem_poly.o
 .debug_rnglists
                0x000009c0       0x99 ../build/sim/software/libbase/libbase.a(uart.o)
 .debug_rnglists
                0x00000a59       0x3e ../build/sim/software/libbase/libbase.a(isr.o)
 .debug_rnglists
                0x00000a97       0x13 ../build/sim/software/libc/libc.a(strlen.c.o)
 .debug_rnglists
                0x00000aaa       0x28 ../build/sim/software/libc/libc.a(nano-malloc-free.c.o)
 .debug_rnglists
                0x00000ad2       0x58 ../build/sim/software/libc/libc.a(nano-malloc-malloc.c.o)
 .debug_rnglists
                0x00000b2a       0x58 ../build/sim/software/libc/libc.a(nano-malloc-realloc.c.o)
 .debug_rnglists
                0x00000b82       0x49 ../build/sim/software/libc/libc.a(libc_misc_lock.c.o)
 .debug_rnglists
                0x00000bcb       0x13 ../build/sim/software/libc/libc.a(libc_string_memcmp.c.o)
 .debug_rnglists
                0x00000bde       0x13 ../build/sim/software/libc/libc.a(libc_picolib_picosbrk.c.o)
 .debug_rnglists
                0x00000bf1       0x13 ../build/sim/software/libc/libc.a(libc_tinystdio_printf.c.o)
 .debug_rnglists
                0x00000c04       0x75 ../build/sim/software/libc/libc.a(libc_tinystdio_vfiprintf.c.o)
 .debug_rnglists
                0x00000c79       0x13 ../build/sim/software/libc/libc.a(libc_string_strnlen.c.o)
 .debug_rnglists
                0x00000c8c       0x17 ../build/sim/software/libcompiler_rt/libcompiler_rt.a(udivmoddi4.o)

.debug_macro    0x00000000     0xb2d8
 .debug_macro   0x00000000      0x39b main.o
 .debug_macro   0x0000039b      0x7ba main.o
 .debug_macro   0x00000b55      0x50c main.o
 .debug_macro   0x00001061       0x27 main.o
 .debug_macro   0x00001088       0x94 main.o
 .debug_macro   0x0000111c      0x183 main.o
 .debug_macro   0x0000129f       0x35 main.o
 .debug_macro   0x000012d4      0x103 main.o
 .debug_macro   0x000013d7       0x34 main.o
 .debug_macro   0x0000140b       0x57 main.o
 .debug_macro   0x00001462       0x6a main.o
 .debug_macro   0x000014cc      0x1df main.o
 .debug_macro   0x000016ab       0x89 main.o
 .debug_macro   0x00001734      0x4cc main.o
 .debug_macro   0x00001c00       0x58 main.o
 .debug_macro   0x00001c58       0x16 main.o
 .debug_macro   0x00001c6e       0x9e main.o
 .debug_macro   0x00001d0c       0x35 main.o
 .debug_macro   0x00001d41       0x10 main.o
 .debug_macro   0x00001d51       0x20 main.o
 .debug_macro   0x00001d71      0x13f main.o
 .debug_macro   0x00001eb0       0x16 main.o
 .debug_macro   0x00001ec6       0x27 main.o
 .debug_macro   0x00001eed       0x94 main.o
 .debug_macro   0x00001f81      0x397 main.o
 .debug_macro   0x00002318       0x16 main.o
 .debug_macro   0x0000232e       0x2f main.o
 .debug_macro   0x0000235d       0x16 main.o
 .debug_macro   0x00002373       0x3c main.o
 .debug_macro   0x000023af       0x22 main.o
 .debug_macro   0x000023d1       0xa0 main.o
 .debug_macro   0x00002471       0x1c main.o
 .debug_macro   0x0000248d       0x4a main.o
 .debug_macro   0x000024d7      0x190 main.o
 .debug_macro   0x00002667       0x16 main.o
 .debug_macro   0x0000267d       0x16 main.o
 .debug_macro   0x00002693      0x142 main.o
 .debug_macro   0x000027d5       0x22 main.o
 .debug_macro   0x000027f7      0x1d9 main.o
 .debug_macro   0x000029d0      0x16a main.o
 .debug_macro   0x00002b3a       0x6a main.o
 .debug_macro   0x00002ba4       0x90 main.o
 .debug_macro   0x00002c34       0x1f main.o
 .debug_macro   0x00002c53      0x15b main.o
 .debug_macro   0x00002dae       0x7c main.o
 .debug_macro   0x00002e2a       0x10 main.o
 .debug_macro   0x00002e3a      0x106 main.o
 .debug_macro   0x00002f40      0x117 main.o
 .debug_macro   0x00003057      0x226 main.o
 .debug_macro   0x0000327d       0x2e main.o
 .debug_macro   0x000032ab       0x35 main.o
 .debug_macro   0x000032e0       0x12 main.o
 .debug_macro   0x000032f2       0x5a main.o
 .debug_macro   0x0000334c      0x217 main.o
 .debug_macro   0x00003563       0x34 main.o
 .debug_macro   0x00003597       0x26 main.o
 .debug_macro   0x000035bd       0x22 main.o
 .debug_macro   0x000035df       0x10 main.o
 .debug_macro   0x000035ef       0x1c main.o
 .debug_macro   0x0000360b       0x82 main.o
 .debug_macro   0x0000368d       0xd3 main.o
 .debug_macro   0x00003760       0x19 main.o
 .debug_macro   0x00003779       0x10 main.o
 .debug_macro   0x00003789       0x52 main.o
 .debug_macro   0x000037db       0xc8 main.o
 .debug_macro   0x000038a3       0x16 main.o
 .debug_macro   0x000038b9       0x10 main.o
 .debug_macro   0x000038c9       0x41 main.o
 .debug_macro   0x0000390a      0x258 wolfcrypt/src/memory.o
 .debug_macro   0x00003b62       0x11 wolfcrypt/src/memory.o
 .debug_macro   0x00003b73       0x12 wolfcrypt/src/memory.o
 .debug_macro   0x00003b85      0x2ef wolfcrypt/src/random.o
 .debug_macro   0x00003e74      0x335 wolfcrypt/src/sha256.o
 .debug_macro   0x000041a9      0x3e5 wolfcrypt/src/sha3.o
 .debug_macro   0x0000458e      0x2f0 wolfcrypt/src/aes.o
 .debug_macro   0x0000487e       0x20 wolfcrypt/src/aes.o
 .debug_macro   0x0000489e      0x2b4 wolfcrypt/src/wc_mlkem.o
 .debug_macro   0x00004b52      0x211 wolfcrypt/src/wc_mlkem.o
 .debug_macro   0x00004d63       0x2a wolfcrypt/src/wc_mlkem.o
 .debug_macro   0x00004d8d      0x391 wolfcrypt/src/wc_mlkem_poly.o
 .debug_macro   0x0000511e       0xd2 ../build/sim/software/libbase/libbase.a(uart.o)
 .debug_macro   0x000051f0      0x7b4 ../build/sim/software/libbase/libbase.a(uart.o)
 .debug_macro   0x000059a4       0xa0 ../build/sim/software/libbase/libbase.a(uart.o)
 .debug_macro   0x00005a44       0x8e ../build/sim/software/libbase/libbase.a(uart.o)
 .debug_macro   0x00005ad2       0x51 ../build/sim/software/libbase/libbase.a(uart.o)
 .debug_macro   0x00005b23      0x16d ../build/sim/software/libbase/libbase.a(isr.o)
 .debug_macro   0x00005c90       0xc0 ../build/sim/software/libc/libc.a(strlen.c.o)
 .debug_macro   0x00005d50      0x7de ../build/sim/software/libc/libc.a(strlen.c.o)
 .debug_macro   0x0000652e       0x5c ../build/sim/software/libc/libc.a(strlen.c.o)
 .debug_macro   0x0000658a      0x201 ../build/sim/software/libc/libc.a(strlen.c.o)
 .debug_macro   0x0000678b      0x190 ../build/sim/software/libc/libc.a(strlen.c.o)
 .debug_macro   0x0000691b      0x382 ../build/sim/software/libc/libc.a(strlen.c.o)
 .debug_macro   0x00006c9d       0x10 ../build/sim/software/libc/libc.a(strlen.c.o)
 .debug_macro   0x00006cad      0x205 ../build/sim/software/libc/libc.a(nano-malloc-free.c.o)
 .debug_macro   0x00006eb2      0x7e4 ../build/sim/software/libc/libc.a(nano-malloc-free.c.o)
 .debug_macro   0x00007696       0x86 ../build/sim/software/libc/libc.a(nano-malloc-free.c.o)
 .debug_macro   0x0000771c       0x9b ../build/sim/software/libc/libc.a(nano-malloc-free.c.o)
 .debug_macro   0x000077b7       0x22 ../build/sim/software/libc/libc.a(nano-malloc-free.c.o)
 .debug_macro   0x000077d9       0x10 ../build/sim/software/libc/libc.a(nano-malloc-free.c.o)
 .debug_macro   0x000077e9      0x257 ../build/sim/software/libc/libc.a(nano-malloc-free.c.o)
 .debug_macro   0x00007a40       0x34 ../build/sim/software/libc/libc.a(nano-malloc-free.c.o)
 .debug_macro   0x00007a74       0x16 ../build/sim/software/libc/libc.a(nano-malloc-free.c.o)
 .debug_macro   0x00007a8a       0xe8 ../build/sim/software/libc/libc.a(nano-malloc-free.c.o)
 .debug_macro   0x00007b72      0x51a ../build/sim/software/libc/libc.a(nano-malloc-free.c.o)
 .debug_macro   0x0000808c       0x5e ../build/sim/software/libc/libc.a(nano-malloc-free.c.o)
 .debug_macro   0x000080ea       0x52 ../build/sim/software/libc/libc.a(nano-malloc-free.c.o)
 .debug_macro   0x0000813c      0x205 ../build/sim/software/libc/libc.a(nano-malloc-malloc.c.o)
 .debug_macro   0x00008341      0x205 ../build/sim/software/libc/libc.a(nano-malloc-realloc.c.o)
 .debug_macro   0x00008546       0x60 ../build/sim/software/libc/libc.a(libc_errno_errno.c.o)
 .debug_macro   0x000085a6      0x7de ../build/sim/software/libc/libc.a(libc_errno_errno.c.o)
 .debug_macro   0x00008d84      0x251 ../build/sim/software/libc/libc.a(libc_errno_errno.c.o)
 .debug_macro   0x00008fd5       0x6e ../build/sim/software/libc/libc.a(libc_misc_lock.c.o)
 .debug_macro   0x00009043       0xd2 ../build/sim/software/libc/libc.a(libc_string_memcmp.c.o)
 .debug_macro   0x00009115      0x109 ../build/sim/software/libc/libc.a(libc_picolib_picosbrk.c.o)
 .debug_macro   0x0000921e       0x10 ../build/sim/software/libc/libc.a(libc_picolib_picosbrk.c.o)
 .debug_macro   0x0000922e       0xdd ../build/sim/software/libc/libc.a(libc_picolib_picosbrk.c.o)
 .debug_macro   0x0000930b       0x20 ../build/sim/software/libc/libc.a(libc_picolib_picosbrk.c.o)
 .debug_macro   0x0000932b       0xb2 ../build/sim/software/libc/libc.a(libc_picolib_picosbrk.c.o)
 .debug_macro   0x000093dd       0x12 ../build/sim/software/libc/libc.a(libc_picolib_picosbrk.c.o)
 .debug_macro   0x000093ef       0xcc ../build/sim/software/libc/libc.a(libc_picolib_picosbrk.c.o)
 .debug_macro   0x000094bb      0x4fe ../build/sim/software/libc/libc.a(libc_picolib_picosbrk.c.o)
 .debug_macro   0x000099b9       0xf2 ../build/sim/software/libc/libc.a(libc_tinystdio_printf.c.o)
 .debug_macro   0x00009aab      0x283 ../build/sim/software/libc/libc.a(libc_tinystdio_vfiprintf.c.o)
 .debug_macro   0x00009d2e       0xb9 ../build/sim/software/libc/libc.a(libc_tinystdio_vfiprintf.c.o)
 .debug_macro   0x00009de7      0x1b7 ../build/sim/software/libc/libc.a(libc_tinystdio_vfiprintf.c.o)
 .debug_macro   0x00009f9e       0x16 ../build/sim/software/libc/libc.a(libc_tinystdio_vfiprintf.c.o)
 .debug_macro   0x00009fb4       0x4f ../build/sim/software/libc/libc.a(libc_tinystdio_vfiprintf.c.o)
 .debug_macro   0x0000a003       0x16 ../build/sim/software/libc/libc.a(libc_tinystdio_vfiprintf.c.o)
 .debug_macro   0x0000a019      0x194 ../build/sim/software/libc/libc.a(libc_tinystdio_vfiprintf.c.o)
 .debug_macro   0x0000a1ad       0x16 ../build/sim/software/libc/libc.a(libc_tinystdio_vfiprintf.c.o)
 .debug_macro   0x0000a1c3       0x60 ../build/sim/software/libc/libc.a(libc_tinystdio_vfiprintf.c.o)
 .debug_macro   0x0000a223       0x2b ../build/sim/software/libc/libc.a(libc_tinystdio_vfiprintf.c.o)
 .debug_macro   0x0000a24e       0x10 ../build/sim/software/libc/libc.a(libc_tinystdio_vfiprintf.c.o)
 .debug_macro   0x0000a25e       0xb2 ../build/sim/software/libc/libc.a(libc_tinystdio_vfiprintf.c.o)
 .debug_macro   0x0000a310      0x158 ../build/sim/software/libc/libc.a(_libc.a)
 .debug_macro   0x0000a468       0x94 ../build/sim/software/libc/libc.a(_libc.a)
 .debug_macro   0x0000a4fc       0xe6 ../build/sim/software/libc/libc.a(libc_string_strnlen.c.o)
 .debug_macro   0x0000a5e2       0x94 ../build/sim/software/libc/libc.a(libc_string_strnlen.c.o)
 .debug_macro   0x0000a676       0xd4 ../build/sim/software/libcompiler_rt/libcompiler_rt.a(ctzsi2.o)
 .debug_macro   0x0000a74a      0x7c0 ../build/sim/software/libcompiler_rt/libcompiler_rt.a(ctzsi2.o)
 .debug_macro   0x0000af0a       0x34 ../build/sim/software/libcompiler_rt/libcompiler_rt.a(ctzsi2.o)
 .debug_macro   0x0000af3e       0x16 ../build/sim/software/libcompiler_rt/libcompiler_rt.a(ctzsi2.o)
 .debug_macro   0x0000af54       0x12 ../build/sim/software/libcompiler_rt/libcompiler_rt.a(ctzsi2.o)
 .debug_macro   0x0000af66       0x22 ../build/sim/software/libcompiler_rt/libcompiler_rt.a(ctzsi2.o)
 .debug_macro   0x0000af88       0xd4 ../build/sim/software/libcompiler_rt/libcompiler_rt.a(udivdi3.o)
 .debug_macro   0x0000b05c       0xd4 ../build/sim/software/libcompiler_rt/libcompiler_rt.a(umoddi3.o)
 .debug_macro   0x0000b130       0xd4 ../build/sim/software/libcompiler_rt/libcompiler_rt.a(udivmoddi4.o)
 .debug_macro   0x0000b204       0xd4 ../build/sim/software/libcompiler_rt/libcompiler_rt.a(clzsi2.o)
